Analysis & Synthesis report for parking
Fri May 26 19:38:27 2023
Quartus Prime Version 20.1.1 Build 720 11/11/2020 SJ Lite Edition


---------------------
; Table of Contents ;
---------------------
  1. Legal Notice
  2. Analysis & Synthesis Summary
  3. Analysis & Synthesis Settings
  4. Parallel Compilation
  5. Analysis & Synthesis Source Files Read
  6. Analysis & Synthesis Resource Usage Summary
  7. Analysis & Synthesis Resource Utilization by Entity
  8. State Machine - |parking|pres_state
  9. User-Specified and Inferred Latches
 10. Registers Removed During Synthesis
 11. General Register Statistics
 12. Inverted Register Statistics
 13. Multiplexer Restructuring Statistics (Restructuring Performed)
 14. Post-Synthesis Netlist Statistics for Top Partition
 15. Elapsed Time Per Partition
 16. Analysis & Synthesis Messages



----------------
; Legal Notice ;
----------------
Copyright (C) 2020  Intel Corporation. All rights reserved.
Your use of Intel Corporation's design tools, logic functions 
and other software and tools, and any partner logic 
functions, and any output files from any of the foregoing 
(including device programming or simulation files), and any 
associated documentation or information are expressly subject 
to the terms and conditions of the Intel Program License 
Subscription Agreement, the Intel Quartus Prime License Agreement,
the Intel FPGA IP License Agreement, or other applicable license
agreement, including, without limitation, that your use is for
the sole purpose of programming logic devices manufactured by
Intel and sold by Intel or its authorized distributors.  Please
refer to the applicable agreement for further details, at
https://fpgasoftware.intel.com/eula.



+----------------------------------------------------------------------------------+
; Analysis & Synthesis Summary                                                     ;
+------------------------------------+---------------------------------------------+
; Analysis & Synthesis Status        ; Successful - Fri May 26 19:38:27 2023       ;
; Quartus Prime Version              ; 20.1.1 Build 720 11/11/2020 SJ Lite Edition ;
; Revision Name                      ; parking                                     ;
; Top-level Entity Name              ; parking                                     ;
; Family                             ; MAX 10                                      ;
; Total logic elements               ; 605                                         ;
;     Total combinational functions  ; 605                                         ;
;     Dedicated logic registers      ; 336                                         ;
; Total registers                    ; 336                                         ;
; Total pins                         ; 55                                          ;
; Total virtual pins                 ; 0                                           ;
; Total memory bits                  ; 0                                           ;
; Embedded Multiplier 9-bit elements ; 0                                           ;
; Total PLLs                         ; 0                                           ;
; UFM blocks                         ; 0                                           ;
; ADC blocks                         ; 0                                           ;
+------------------------------------+---------------------------------------------+


+------------------------------------------------------------------------------------------------------------+
; Analysis & Synthesis Settings                                                                              ;
+------------------------------------------------------------------+--------------------+--------------------+
; Option                                                           ; Setting            ; Default Value      ;
+------------------------------------------------------------------+--------------------+--------------------+
; Device                                                           ; 10M50DAF484C7G     ;                    ;
; Top-level entity name                                            ; parking            ; parking            ;
; Family name                                                      ; MAX 10             ; Cyclone V          ;
; Use smart compilation                                            ; Off                ; Off                ;
; Enable parallel Assembler and Timing Analyzer during compilation ; On                 ; On                 ;
; Enable compact report table                                      ; Off                ; Off                ;
; Restructure Multiplexers                                         ; Auto               ; Auto               ;
; Create Debugging Nodes for IP Cores                              ; Off                ; Off                ;
; Preserve fewer node names                                        ; On                 ; On                 ;
; Intel FPGA IP Evaluation Mode                                    ; Enable             ; Enable             ;
; Verilog Version                                                  ; Verilog_2001       ; Verilog_2001       ;
; VHDL Version                                                     ; VHDL_1993          ; VHDL_1993          ;
; State Machine Processing                                         ; Auto               ; Auto               ;
; Safe State Machine                                               ; Off                ; Off                ;
; Extract Verilog State Machines                                   ; On                 ; On                 ;
; Extract VHDL State Machines                                      ; On                 ; On                 ;
; Ignore Verilog initial constructs                                ; Off                ; Off                ;
; Iteration limit for constant Verilog loops                       ; 5000               ; 5000               ;
; Iteration limit for non-constant Verilog loops                   ; 250                ; 250                ;
; Add Pass-Through Logic to Inferred RAMs                          ; On                 ; On                 ;
; Infer RAMs from Raw Logic                                        ; On                 ; On                 ;
; Parallel Synthesis                                               ; On                 ; On                 ;
; DSP Block Balancing                                              ; Auto               ; Auto               ;
; NOT Gate Push-Back                                               ; On                 ; On                 ;
; Power-Up Don't Care                                              ; On                 ; On                 ;
; Remove Redundant Logic Cells                                     ; Off                ; Off                ;
; Remove Duplicate Registers                                       ; On                 ; On                 ;
; Ignore CARRY Buffers                                             ; Off                ; Off                ;
; Ignore CASCADE Buffers                                           ; Off                ; Off                ;
; Ignore GLOBAL Buffers                                            ; Off                ; Off                ;
; Ignore ROW GLOBAL Buffers                                        ; Off                ; Off                ;
; Ignore LCELL Buffers                                             ; Off                ; Off                ;
; Ignore SOFT Buffers                                              ; On                 ; On                 ;
; Limit AHDL Integers to 32 Bits                                   ; Off                ; Off                ;
; Optimization Technique                                           ; Balanced           ; Balanced           ;
; Carry Chain Length                                               ; 70                 ; 70                 ;
; Auto Carry Chains                                                ; On                 ; On                 ;
; Auto Open-Drain Pins                                             ; On                 ; On                 ;
; Perform WYSIWYG Primitive Resynthesis                            ; Off                ; Off                ;
; Auto ROM Replacement                                             ; On                 ; On                 ;
; Auto RAM Replacement                                             ; On                 ; On                 ;
; Auto DSP Block Replacement                                       ; On                 ; On                 ;
; Auto Shift Register Replacement                                  ; Auto               ; Auto               ;
; Allow Shift Register Merging across Hierarchies                  ; Auto               ; Auto               ;
; Auto Clock Enable Replacement                                    ; On                 ; On                 ;
; Strict RAM Replacement                                           ; Off                ; Off                ;
; Allow Synchronous Control Signals                                ; On                 ; On                 ;
; Force Use of Synchronous Clear Signals                           ; Off                ; Off                ;
; Auto RAM Block Balancing                                         ; On                 ; On                 ;
; Auto RAM to Logic Cell Conversion                                ; Off                ; Off                ;
; Auto Resource Sharing                                            ; Off                ; Off                ;
; Allow Any RAM Size For Recognition                               ; Off                ; Off                ;
; Allow Any ROM Size For Recognition                               ; Off                ; Off                ;
; Allow Any Shift Register Size For Recognition                    ; Off                ; Off                ;
; Use LogicLock Constraints during Resource Balancing              ; On                 ; On                 ;
; Ignore translate_off and synthesis_off directives                ; Off                ; Off                ;
; Timing-Driven Synthesis                                          ; On                 ; On                 ;
; Report Parameter Settings                                        ; On                 ; On                 ;
; Report Source Assignments                                        ; On                 ; On                 ;
; Report Connectivity Checks                                       ; On                 ; On                 ;
; Ignore Maximum Fan-Out Assignments                               ; Off                ; Off                ;
; Synchronization Register Chain Length                            ; 2                  ; 2                  ;
; Power Optimization During Synthesis                              ; Normal compilation ; Normal compilation ;
; HDL message level                                                ; Level2             ; Level2             ;
; Suppress Register Optimization Related Messages                  ; Off                ; Off                ;
; Number of Removed Registers Reported in Synthesis Report         ; 5000               ; 5000               ;
; Number of Swept Nodes Reported in Synthesis Report               ; 5000               ; 5000               ;
; Number of Inverted Registers Reported in Synthesis Report        ; 100                ; 100                ;
; Clock MUX Protection                                             ; On                 ; On                 ;
; Auto Gated Clock Conversion                                      ; Off                ; Off                ;
; Block Design Naming                                              ; Auto               ; Auto               ;
; SDC constraint protection                                        ; Off                ; Off                ;
; Synthesis Effort                                                 ; Auto               ; Auto               ;
; Shift Register Replacement - Allow Asynchronous Clear Signal     ; On                 ; On                 ;
; Pre-Mapping Resynthesis Optimization                             ; Off                ; Off                ;
; Analysis & Synthesis Message Level                               ; Medium             ; Medium             ;
; Disable Register Merging Across Hierarchies                      ; Auto               ; Auto               ;
; Resource Aware Inference For Block RAM                           ; On                 ; On                 ;
+------------------------------------------------------------------+--------------------+--------------------+


+------------------------------------------+
; Parallel Compilation                     ;
+----------------------------+-------------+
; Processors                 ; Number      ;
+----------------------------+-------------+
; Number detected on machine ; 8           ;
; Maximum allowed            ; 4           ;
;                            ;             ;
; Average used               ; 1.00        ;
; Maximum used               ; 4           ;
;                            ;             ;
; Usage by Processor         ; % Time Used ;
;     Processor 1            ; 100.0%      ;
;     Processor 2            ;   0.0%      ;
;     Processors 3-4         ;   0.0%      ;
+----------------------------+-------------+


+-------------------------------------------------------------------------------------------------------------------------------------+
; Analysis & Synthesis Source Files Read                                                                                              ;
+----------------------------------+-----------------+-----------------+----------------------------------------------------+---------+
; File Name with User-Entered Path ; Used in Netlist ; File Type       ; File Name with Absolute Path                       ; Library ;
+----------------------------------+-----------------+-----------------+----------------------------------------------------+---------+
; parking.vhd                      ; yes             ; User VHDL File  ; C:/intelFPGA_lite/20.1/ProgettoParking/parking.vhd ;         ;
+----------------------------------+-----------------+-----------------+----------------------------------------------------+---------+


+---------------------------------------------------------+
; Analysis & Synthesis Resource Usage Summary             ;
+---------------------------------------------+-----------+
; Resource                                    ; Usage     ;
+---------------------------------------------+-----------+
; Estimated Total logic elements              ; 605       ;
;                                             ;           ;
; Total combinational functions               ; 605       ;
; Logic element usage by number of LUT inputs ;           ;
;     -- 4 input functions                    ; 139       ;
;     -- 3 input functions                    ; 28        ;
;     -- <=2 input functions                  ; 438       ;
;                                             ;           ;
; Logic elements by mode                      ;           ;
;     -- normal mode                          ; 294       ;
;     -- arithmetic mode                      ; 311       ;
;                                             ;           ;
; Total registers                             ; 336       ;
;     -- Dedicated logic registers            ; 336       ;
;     -- I/O registers                        ; 0         ;
;                                             ;           ;
; I/O pins                                    ; 55        ;
;                                             ;           ;
; Embedded Multiplier 9-bit elements          ; 0         ;
;                                             ;           ;
; Maximum fan-out node                        ; clk~input ;
; Maximum fan-out                             ; 194       ;
; Total fan-out                               ; 2370      ;
; Average fan-out                             ; 2.25      ;
+---------------------------------------------+-----------+


+------------------------------------------------------------------------------------------------------------------------------------------------------------------------------------------------------------------------------------+
; Analysis & Synthesis Resource Utilization by Entity                                                                                                                                                                                ;
+----------------------------+---------------------+---------------------------+-------------+------------+--------------+---------+-----------+------+--------------+------------+---------------------+-------------+--------------+
; Compilation Hierarchy Node ; Combinational ALUTs ; Dedicated Logic Registers ; Memory Bits ; UFM Blocks ; DSP Elements ; DSP 9x9 ; DSP 18x18 ; Pins ; Virtual Pins ; ADC blocks ; Full Hierarchy Name ; Entity Name ; Library Name ;
+----------------------------+---------------------+---------------------------+-------------+------------+--------------+---------+-----------+------+--------------+------------+---------------------+-------------+--------------+
; |parking                   ; 605 (605)           ; 336 (336)                 ; 0           ; 0          ; 0            ; 0       ; 0         ; 55   ; 0            ; 0          ; |parking            ; parking     ; work         ;
+----------------------------+---------------------+---------------------------+-------------+------------+--------------+---------+-----------+------+--------------+------------+---------------------+-------------+--------------+
Note: For table entries with two numbers listed, the numbers in parentheses indicate the number of resources of the given type used by the specific entity alone. The numbers listed outside of parentheses indicate the total resources of the given type used by the specific entity and all of its sub-entities in the hierarchy.


Encoding Type:  One-Hot
+----------------------------------------------------------------------------------------------------------+
; State Machine - |parking|pres_state                                                                      ;
+-----------------------+-----------------+-------------------+-----------------------+--------------------+
; Name                  ; pres_state.stop ; pres_state.stopen ; pres_state.stpassword ; pres_state.initial ;
+-----------------------+-----------------+-------------------+-----------------------+--------------------+
; pres_state.initial    ; 0               ; 0                 ; 0                     ; 0                  ;
; pres_state.stpassword ; 0               ; 0                 ; 1                     ; 1                  ;
; pres_state.stopen     ; 0               ; 1                 ; 0                     ; 1                  ;
; pres_state.stop       ; 1               ; 0                 ; 0                     ; 1                  ;
+-----------------------+-----------------+-------------------+-----------------------+--------------------+


+---------------------------------------------------------------------------------------------------+
; User-Specified and Inferred Latches                                                               ;
+----------------------------------------------------+---------------------+------------------------+
; Latch Name                                         ; Latch Enable Signal ; Free of Timing Hazards ;
+----------------------------------------------------+---------------------+------------------------+
; buzzer$latch                                       ; Selector5           ; yes                    ;
; Number of user-specified and inferred latches = 1  ;                     ;                        ;
+----------------------------------------------------+---------------------+------------------------+
Note: All latches listed above may not be present at the end of synthesis due to various synthesis optimizations.


+---------------------------------------------------------------------+
; Registers Removed During Synthesis                                  ;
+----------------------------------------+----------------------------+
; Register name                          ; Reason for Removal         ;
+----------------------------------------+----------------------------+
; count2[3]                              ; Merged with count1[3]      ;
; count2[1]                              ; Merged with count1[1]      ;
; count2[31]                             ; Merged with count1[31]     ;
; count2[30]                             ; Merged with count1[30]     ;
; count2[29]                             ; Merged with count1[29]     ;
; count2[28]                             ; Merged with count1[28]     ;
; count2[27]                             ; Merged with count1[27]     ;
; count2[26]                             ; Merged with count1[26]     ;
; count2[25]                             ; Merged with count1[25]     ;
; count2[24]                             ; Merged with count1[24]     ;
; count2[23]                             ; Merged with count1[23]     ;
; count2[22]                             ; Merged with count1[22]     ;
; count2[21]                             ; Merged with count1[21]     ;
; count2[20]                             ; Merged with count1[20]     ;
; count2[19]                             ; Merged with count1[19]     ;
; count2[18]                             ; Merged with count1[18]     ;
; count2[17]                             ; Merged with count1[17]     ;
; count2[16]                             ; Merged with count1[16]     ;
; count2[15]                             ; Merged with count1[15]     ;
; count2[14]                             ; Merged with count1[14]     ;
; count2[13]                             ; Merged with count1[13]     ;
; count2[12]                             ; Merged with count1[12]     ;
; count2[11]                             ; Merged with count1[11]     ;
; count2[10]                             ; Merged with count1[10]     ;
; count2[9]                              ; Merged with count1[9]      ;
; count2[8]                              ; Merged with count1[8]      ;
; count2[7]                              ; Merged with count1[7]      ;
; count2[6]                              ; Merged with count1[6]      ;
; count2[5]                              ; Merged with count1[5]      ;
; count2[4]                              ; Merged with count1[4]      ;
; count2[2]                              ; Merged with count1[2]      ;
; count2[0]                              ; Merged with count1[0]      ;
; countservo1[0]                         ; Merged with counter0[0]    ;
; countservo2[0]                         ; Merged with counter0[0]    ;
; countservo2[1]                         ; Merged with countservo1[1] ;
; countservo2[2]                         ; Merged with countservo1[2] ;
; Total Number of Removed Registers = 36 ;                            ;
+----------------------------------------+----------------------------+


+------------------------------------------------------+
; General Register Statistics                          ;
+----------------------------------------------+-------+
; Statistic                                    ; Value ;
+----------------------------------------------+-------+
; Total registers                              ; 336   ;
; Number of registers using Synchronous Clear  ; 36    ;
; Number of registers using Synchronous Load   ; 0     ;
; Number of registers using Asynchronous Clear ; 4     ;
; Number of registers using Asynchronous Load  ; 0     ;
; Number of registers using Clock Enable       ; 61    ;
; Number of registers using Preset             ; 0     ;
+----------------------------------------------+-------+


+--------------------------------------------------+
; Inverted Register Statistics                     ;
+----------------------------------------+---------+
; Inverted Register                      ; Fan out ;
+----------------------------------------+---------+
; counter[0]                             ; 2       ;
; counter0[0]                            ; 5       ;
; counter1[0]                            ; 2       ;
; counter2[0]                            ; 3       ;
; Total number of inverted registers = 4 ;         ;
+----------------------------------------+---------+


+------------------------------------------------------------------------------------------------------------------------------------------+
; Multiplexer Restructuring Statistics (Restructuring Performed)                                                                           ;
+--------------------+-----------+---------------+----------------------+------------------------+------------+----------------------------+
; Multiplexer Inputs ; Bus Width ; Baseline Area ; Area if Restructured ; Saving if Restructured ; Registered ; Example Multiplexer Output ;
+--------------------+-----------+---------------+----------------------+------------------------+------------+----------------------------+
; 3:1                ; 18 bits   ; 36 LEs        ; 18 LEs               ; 18 LEs                 ; Yes        ; |parking|count11[11]       ;
; 3:1                ; 18 bits   ; 36 LEs        ; 18 LEs               ; 18 LEs                 ; Yes        ; |parking|count22[11]       ;
; 3:1                ; 31 bits   ; 62 LEs        ; 31 LEs               ; 31 LEs                 ; Yes        ; |parking|counter2[4]       ;
+--------------------+-----------+---------------+----------------------+------------------------+------------+----------------------------+


+-----------------------------------------------------+
; Post-Synthesis Netlist Statistics for Top Partition ;
+-----------------------+-----------------------------+
; Type                  ; Count                       ;
+-----------------------+-----------------------------+
; boundary_port         ; 55                          ;
; cycloneiii_ff         ; 336                         ;
;     CLR               ; 4                           ;
;     ENA               ; 25                          ;
;     ENA SCLR          ; 36                          ;
;     plain             ; 271                         ;
; cycloneiii_lcell_comb ; 610                         ;
;     arith             ; 311                         ;
;         2 data inputs ; 309                         ;
;         3 data inputs ; 2                           ;
;     normal            ; 299                         ;
;         0 data inputs ; 1                           ;
;         1 data inputs ; 16                          ;
;         2 data inputs ; 117                         ;
;         3 data inputs ; 26                          ;
;         4 data inputs ; 139                         ;
;                       ;                             ;
; Max LUT depth         ; 8.80                        ;
; Average LUT depth     ; 4.32                        ;
+-----------------------+-----------------------------+


+-------------------------------+
; Elapsed Time Per Partition    ;
+----------------+--------------+
; Partition Name ; Elapsed Time ;
+----------------+--------------+
; Top            ; 00:00:01     ;
+----------------+--------------+


+-------------------------------+
; Analysis & Synthesis Messages ;
+-------------------------------+
Info: *******************************************************************
Info: Running Quartus Prime Analysis & Synthesis
    Info: Version 20.1.1 Build 720 11/11/2020 SJ Lite Edition
    Info: Processing started: Fri May 26 19:38:14 2023
Info: Command: quartus_map --read_settings_files=on --write_settings_files=off parking -c parking
Warning (18236): Number of processors has not been specified which may cause overloading on shared machines.  Set the global assignment NUM_PARALLEL_PROCESSORS in your QSF to an appropriate value for best performance.
Info (20030): Parallel compilation is enabled and will use 4 of the 4 processors detected
Info (12021): Found 2 design units, including 1 entities, in source file parking.vhd
    Info (12022): Found design unit 1: parking-struct File: C:/intelFPGA_lite/20.1/ProgettoParking/parking.vhd Line: 47
    Info (12023): Found entity 1: parking File: C:/intelFPGA_lite/20.1/ProgettoParking/parking.vhd Line: 8
Info (12127): Elaborating entity "parking" for the top level hierarchy
Warning (10541): VHDL Signal Declaration warning at parking.vhd(25): used implicit default value for signal "gate" because signal was never assigned a value or an explicit default value. Use of implicit default value may introduce unintended design optimizations. File: C:/intelFPGA_lite/20.1/ProgettoParking/parking.vhd Line: 25
Warning (10492): VHDL Process Statement warning at parking.vhd(331): signal "password" is read inside the Process Statement but isn't in the Process Statement's sensitivity list File: C:/intelFPGA_lite/20.1/ProgettoParking/parking.vhd Line: 331
Warning (10492): VHDL Process Statement warning at parking.vhd(372): signal "segnaleServoZero" is read inside the Process Statement but isn't in the Process Statement's sensitivity list File: C:/intelFPGA_lite/20.1/ProgettoParking/parking.vhd Line: 372
Warning (10492): VHDL Process Statement warning at parking.vhd(395): signal "password" is read inside the Process Statement but isn't in the Process Statement's sensitivity list File: C:/intelFPGA_lite/20.1/ProgettoParking/parking.vhd Line: 395
Warning (10492): VHDL Process Statement warning at parking.vhd(398): signal "tmp2" is read inside the Process Statement but isn't in the Process Statement's sensitivity list File: C:/intelFPGA_lite/20.1/ProgettoParking/parking.vhd Line: 398
Warning (10492): VHDL Process Statement warning at parking.vhd(403): signal "segnaleServoZero" is read inside the Process Statement but isn't in the Process Statement's sensitivity list File: C:/intelFPGA_lite/20.1/ProgettoParking/parking.vhd Line: 403
Warning (10492): VHDL Process Statement warning at parking.vhd(417): signal "segnaleServoNovanta" is read inside the Process Statement but isn't in the Process Statement's sensitivity list File: C:/intelFPGA_lite/20.1/ProgettoParking/parking.vhd Line: 417
Warning (10492): VHDL Process Statement warning at parking.vhd(435): signal "segnaleServoNovanta" is read inside the Process Statement but isn't in the Process Statement's sensitivity list File: C:/intelFPGA_lite/20.1/ProgettoParking/parking.vhd Line: 435
Warning (10631): VHDL Process Statement warning at parking.vhd(361): inferring latch(es) for signal or variable "buzzer", which holds its previous value in one or more paths through the process File: C:/intelFPGA_lite/20.1/ProgettoParking/parking.vhd Line: 361
Info (10041): Inferred latch for "buzzer" at parking.vhd(361) File: C:/intelFPGA_lite/20.1/ProgettoParking/parking.vhd Line: 361
Warning (13012): Latch buzzer$latch has unsafe behavior File: C:/intelFPGA_lite/20.1/ProgettoParking/parking.vhd Line: 361
    Warning (13013): Ports D and ENA on the latch are fed by the same signal pres_state.stpassword File: C:/intelFPGA_lite/20.1/ProgettoParking/parking.vhd Line: 50
Warning (13024): Output pins are stuck at VCC or GND
    Warning (13410): Pin "gate" is stuck at GND File: C:/intelFPGA_lite/20.1/ProgettoParking/parking.vhd Line: 25
    Warning (13410): Pin "HEX1[5]" is stuck at GND File: C:/intelFPGA_lite/20.1/ProgettoParking/parking.vhd Line: 28
    Warning (13410): Pin "HEX2[2]" is stuck at GND File: C:/intelFPGA_lite/20.1/ProgettoParking/parking.vhd Line: 28
Info (286030): Timing-Driven Synthesis is running
Info (16010): Generating hard_block partition "hard_block:auto_generated_inst"
    Info (16011): Adding 0 node(s), including 0 DDIO, 0 PLL, 0 transceiver and 0 LCELL
Info (21057): Implemented 691 device resources after synthesis - the final resource count might be different
    Info (21058): Implemented 14 input pins
    Info (21059): Implemented 41 output pins
    Info (21061): Implemented 636 logic cells
Info: Quartus Prime Analysis & Synthesis was successful. 0 errors, 16 warnings
    Info: Peak virtual memory: 4796 megabytes
    Info: Processing ended: Fri May 26 19:38:27 2023
    Info: Elapsed time: 00:00:13
    Info: Total CPU time (on all processors): 00:00:30


